-2147482411 -1720035385 -1289337984 -860606503 -430433007 -1097892 427021501 857073351 1287209018 1718134205 