-2147468337 -1728044337 -1296536447 -862563549 -420442227 23081334 445015066 872956933 1320304325 1732695276 