-2094998952 -1848556037 -1423161531 -1004302738 -393833348 30258817 434271529 956108089 1334002607 1673807442 